Teste Cluster cluster_1...
DEBUG VISION RESULT: 6 Keys gefunden
DEBUG FEATURE REPORT: 13 Kategorien
DEBUG VERF▄GBARE KATEGORIEN: ['GESCHLECHT', 'ALTER', 'HAARFARBE', 'HAAR_STRUKTUR', 'KLEIDUNG', 'AUDIO_HARDWARE', 'KOPF_BEDECKUNG', 'OHRRINGE', 'HALSKMUCK', 'ARMBAND', 'RING', 'BROSCH', 'KOPF_ACCESSOIRE']
DEBUG FINALE FACTS: {'ALTER_GESCHLECHT_SATZ': 'eine junge Frau', 'ALTER': 'junge Frau', 'GESCHLECHT': 'Frau', 'HAARFARBE': 'rotbraunen', 'AUGEN': '', 'HAAR_STRUKTUR': 'lockig', 'KOPF_ACCESSOIRE': 'kein Accessoire', 'SCHMUCK': None, 'KLEIDUNG': 'einem Schal', 'KOPF_BEDECKUNG': 'beanie', 'OHRRINGE': 'gro▀e Holzohrringe', 'HALSKMUCK': None, 'BART': None, 'KOPF_SATZ': '', 'ZUBEHOER_SATZ': ''}
DEBUG VISION RESULT: 6 Keys gefunden
DEBUG FEATURE REPORT: 14 Kategorien
DEBUG VERF▄GBARE KATEGORIEN: ['GESCHLECHT', 'ALTER', 'HAARFARBE', 'HAAR_STRUKTUR', 'KLEIDUNG', 'KOPF_BEDECKUNG', 'OHRRINGE', 'HALSKMUCK', 'ARMBAND', 'RING', 'BROSCH', 'KOPF_ACCESSOIRE', 'TEINT', 'AUGEN']
DEBUG FINALE FACTS: {'ALTER_GESCHLECHT_SATZ': 'eine junge Frau', 'ALTER': 'junge Frau', 'GESCHLECHT': 'Frau', 'HAARFARBE': 'schwarzen', 'AUGEN': 'braun', 'TEINT': 'oliv', 'HAAR_STRUKTUR': 'lockig', 'KOPF_ACCESSOIRE': 'kein Accessoire', 'SCHMUCK': None, 'KLEIDUNG': 'gemusterten Kleidung', 'KOPF_BEDECKUNG': 'beanie', 'OHRRINGE': 'Ohrstecker', 'HALSKMUCK': None, 'BART': None, 'KOPF_SATZ': '', 'ZUBEHOER_SATZ': ''}
REFLEXIONS-BEWEIS: green=0.1634, reflection=0.0923
LIGHT-HAIR PROTECTION: Gr³ne Augen behalten (starkes Signal)
DOPPEL-BEDINGUNG: green=0.1634, max_dark=0.0908, is_dark_hair=False, skin_tone=fair
DEBUG VISION RESULT: 6 Keys gefunden
DEBUG FEATURE REPORT: 15 Kategorien
DEBUG VERF▄GBARE KATEGORIEN: ['GESCHLECHT', 'ALTER', 'HAARFARBE', 'HAAR_STRUKTUR', 'KLEIDUNG', 'AUDIO_HARDWARE', 'KOPF_BEDECKUNG', 'OHRRINGE', 'HALSKMUCK', 'ARMBAND', 'RING', 'BROSCH', 'KOPF_ACCESSOIRE', 'TEINT', 'AUGEN']
DEBUG FINALE FACTS: {'ALTER_GESCHLECHT_SATZ': 'eine õltere Frau', 'ALTER': 'õltere Frau', 'GESCHLECHT': 'Frau', 'HAARFARBE': 'blonden', 'AUGEN': 'gr³n', 'TEINT': 'hell', 'HAAR_STRUKTUR': 'lockig', 'KOPF_ACCESSOIRE': 'kein Accessoire', 'SCHMUCK': None, 'KLEIDUNG': 'gemusterten Kleidung', 'KOPF_BEDECKUNG': 'cap', 'OHRRINGE': 'gro▀e Holzohrringe', 'HALSKMUCK': 'silbernen Anhõnger', 'BART': None, 'KOPF_SATZ': '', 'ZUBEHOER_SATZ': ''}

====================================================================================================
Cluster cluster_1
====================================================================================================
Bildname             Kategorie       Erwartet             Gefunden                  Status
----------------------------------------------------------------------------------------------------
Cluster1-1.jpg       GESCHLECHT      Frau                 Frau                      PASS
Cluster1-1.jpg       HAARFARBE       rotbraunen           rotbraunen                PASS
Cluster1-1.jpg       HAAR_STRUKTUR   lockig               lockig                    PASS
Cluster1-1.jpg       AUGEN           gr³n                                           FAIL
Cluster1-2.jpg       HAARFARBE       schwarzen            schwarzen                 PASS
Cluster1-2.jpg       HAAR_STRUKTUR   lockig               lockig                    PASS
Cluster1-2.jpg       TEINT           gebrõunten           oliv                      FAIL
Cluster1-2.jpg       AUGEN           braun                braun                     PASS
Cluster1-3.jpg       HAARFARBE       blonden              blonden                   PASS
Cluster1-3.jpg       HAAR_STRUKTUR   lockig               lockig                    PASS
Cluster1-3.jpg       AUGEN           gr³n                 gr³n                      PASS
Cluster1-3.jpg       HALSKMUCK       Perlenkette          silbernen Anhõnger        FAIL
----------------------------------------------------------------------------------------------------
Cluster cluster_1: 9/12 Treffer (75.0%)
3 Tests fehlgeschlagen - Optimierung erforderlich
====================================================================================================
Teste Cluster cluster_2...
REFLEXIONS-BEWEIS: green=0.2148, reflection=0.0642
REFLEXIONS-FILTER: dark eyes (0.1822) statt green eyes (Reflexion erkannt)
DEBUG VISION RESULT: 6 Keys gefunden
DEBUG FEATURE REPORT: 15 Kategorien
DEBUG VERF▄GBARE KATEGORIEN: ['GESCHLECHT', 'ALTER', 'HAARFARBE', 'HAAR_STRUKTUR', 'KLEIDUNG', 'KOPF_ACCESSOIRE', 'AUDIO_HARDWARE', 'KOPF_BEDECKUNG', 'OHRRINGE', 'HALSKMUCK', 'ARMBAND', 'RING', 'BROSCH', 'TEINT', 'AUGEN']
DEBUG FINALE FACTS: {'ALTER_GESCHLECHT_SATZ': 'eine junge Frau', 'ALTER': 'junge Frau', 'GESCHLECHT': 'Frau', 'HAARFARBE': 'schwarzen', 'AUGEN': 'braun', 'TEINT': 'hell', 'HAAR_STRUKTUR': 'glatt', 'KOPF_ACCESSOIRE': 'Sonnenbrille im Haar', 'SCHMUCK': None, 'KLEIDUNG': 'gemusterten Kleidung', 'KOPF_BEDECKUNG': 'beanie', 'OHRRINGE': 'gro▀e Holzohrringe', 'HALSKMUCK': None, 'BART': None, 'KOPF_SATZ': '', 'ZUBEHOER_SATZ': ''}
DEBUG VISION RESULT: 6 Keys gefunden
DEBUG FEATURE REPORT: 13 Kategorien
DEBUG VERF▄GBARE KATEGORIEN: ['GESCHLECHT', 'ALTER', 'HAARFARBE', 'HAAR_STRUKTUR', 'BART', 'KLEIDUNG', 'KOPF_BEDECKUNG', 'OHRRINGE', 'HALSKMUCK', 'ARMBAND', 'RING', 'BROSCH', 'KOPF_ACCESSOIRE']
DEBUG FINALE FACTS: {'ALTER_GESCHLECHT_SATZ': 'eine junge Frau', 'ALTER': 'junge Frau', 'GESCHLECHT': 'Frau', 'HAARFARBE': 'dunkelbraunen', 'AUGEN': '', 'HAAR_STRUKTUR': 'wellig', 'KOPF_ACCESSOIRE': 'kein Accessoire', 'SCHMUCK': None, 'KLEIDUNG': 'pure black top', 'KOPF_BEDECKUNG': 'beanie', 'OHRRINGE': 'Ohrstecker', 'HALSKMUCK': 'ein Kropfband', 'BART': 'stubble', 'KOPF_SATZ': '', 'ZUBEHOER_SATZ': ''}
DEBUG VISION RESULT: 6 Keys gefunden
DEBUG FEATURE REPORT: 16 Kategorien
DEBUG VERF▄GBARE KATEGORIEN: ['GESCHLECHT', 'ALTER', 'HAARFARBE', 'HAAR_STRUKTUR', 'BART', 'KLEIDUNG', 'KOPF_ACCESSOIRE', 'AUDIO_HARDWARE', 'KOPF_BEDECKUNG', 'OHRRINGE', 'HALSKMUCK', 'ARMBAND', 'RING', 'BROSCH', 'TEINT', 'AUGEN']
DEBUG FINALE FACTS: {'ALTER_GESCHLECHT_SATZ': 'einen jungen Mann', 'ALTER': 'erwachsene', 'GESCHLECHT': 'Mann', 'HAARFARBE': 'dunkelbraunen', 'AUGEN': 'braun', 'TEINT': 'hell', 'HAAR_STRUKTUR': 'lockig', 'KOPF_ACCESSOIRE': 'tortoise shell glasses on head', 'SCHMUCK': None, 'KLEIDUNG': 'gemusterten Kleidung', 'KOPF_BEDECKUNG': 'beanie', 'OHRRINGE': 'kleine Ohrstecker', 'HALSKMUCK': None, 'BART': 'grauer Bart', 'KOPF_SATZ': '', 'ZUBEHOER_SATZ': ''}

====================================================================================================
Cluster cluster_2
====================================================================================================
Bildname             Kategorie       Erwartet             Gefunden                  Status
----------------------------------------------------------------------------------------------------
Cluster2-1.jpg       HAARFARBE       schwarzen            schwarzen                 PASS
Cluster2-1.jpg       AUGEN           braun                braun                     PASS
Cluster2-1.jpg       KOPF_ACCESSOIRE Sonnenbrille im...   Sonnenbrille im Haar      PASS
Cluster2-2.jpg       HAARFARBE       dunkelbraunen        dunkelbraunen             PASS
Cluster2-2.jpg       AUGEN           braun                                          FAIL
Cluster2-2.jpg       HALSKMUCK       ein Kropfband        ein Kropfband             PASS
Cluster2-3.jpg       GESCHLECHT      Mann                 Mann                      PASS
Cluster2-3.jpg       HAARFARBE       dunkelbraunen        dunkelbraunen             PASS
Cluster2-3.jpg       AUGEN           braun                braun                     PASS
Cluster2-3.jpg       BART            grauer Bart          grauer Bart               PASS
----------------------------------------------------------------------------------------------------
Cluster cluster_2: 9/10 Treffer (90.0%)
1 Tests fehlgeschlagen - Optimierung erforderlich
====================================================================================================
Teste Cluster cluster_3...
DEBUG VISION RESULT: 6 Keys gefunden
DEBUG FEATURE REPORT: 15 Kategorien
DEBUG VERF▄GBARE KATEGORIEN: ['GESCHLECHT', 'ALTER', 'HAARFARBE', 'HAAR_STRUKTUR', 'KLEIDUNG', 'AUDIO_HARDWARE', 'KOPF_BEDECKUNG', 'OHRRINGE', 'HALSKMUCK', 'ARMBAND', 'RING', 'BROSCH', 'KOPF_ACCESSOIRE', 'TEINT', 'AUGEN']
DEBUG FINALE FACTS: {'ALTER_GESCHLECHT_SATZ': 'eine õltere Frau', 'ALTER': 'õltere Frau', 'GESCHLECHT': 'Frau', 'HAARFARBE': 'grau-melierten', 'AUGEN': 'braun', 'TEINT': 'oliv', 'HAAR_STRUKTUR': 'glatt', 'KOPF_ACCESSOIRE': 'kein Accessoire', 'SCHMUCK': None, 'KLEIDUNG': 'einem Schal', 'KOPF_BEDECKUNG': 'beanie', 'OHRRINGE': 'gro▀e Holzohrringe', 'HALSKMUCK': None, 'BART': None, 'KOPF_SATZ': '', 'ZUBEHOER_SATZ': ''}
REFLEXIONS-BEWEIS: green=0.2032, reflection=0.0525
REFLEXIONS-FILTER: dark eyes (0.1610) statt green eyes (Reflexion erkannt)
DEBUG VISION RESULT: 6 Keys gefunden
DEBUG FEATURE REPORT: 16 Kategorien
DEBUG VERF▄GBARE KATEGORIEN: ['GESCHLECHT', 'ALTER', 'HAARFARBE', 'HAAR_STRUKTUR', 'BART', 'KLEIDUNG', 'AUDIO_HARDWARE', 'KOPF_BEDECKUNG', 'OHRRINGE', 'HALSKMUCK', 'ARMBAND', 'RING', 'BROSCH', 'KOPF_ACCESSOIRE', 'TEINT', 'AUGEN']
DEBUG FINALE FACTS: {'ALTER_GESCHLECHT_SATZ': 'eine junge Frau', 'ALTER': 'junge Frau', 'GESCHLECHT': 'Frau', 'HAARFARBE': 'rotbraunen', 'AUGEN': 'braun', 'TEINT': 'hell', 'HAAR_STRUKTUR': 'lockig', 'KOPF_ACCESSOIRE': 'kein Accessoire', 'SCHMUCK': None, 'KLEIDUNG': 'einem Rollkragenpullover', 'KOPF_BEDECKUNG': 'beanie', 'OHRRINGE': 'Ohrstecker', 'HALSKMUCK': 'black choker', 'BART': 'mustache', 'KOPF_SATZ': '', 'ZUBEHOER_SATZ': ''}
DEBUG VISION RESULT: 6 Keys gefunden
DEBUG FEATURE REPORT: 16 Kategorien
DEBUG VERF▄GBARE KATEGORIEN: ['GESCHLECHT', 'ALTER', 'HAARFARBE', 'HAAR_STRUKTUR', 'BART', 'KLEIDUNG', 'AUDIO_HARDWARE', 'KOPF_BEDECKUNG', 'OHRRINGE', 'HALSKMUCK', 'ARMBAND', 'RING', 'BROSCH', 'KOPF_ACCESSOIRE', 'TEINT', 'AUGEN']
DEBUG FINALE FACTS: {'ALTER_GESCHLECHT_SATZ': 'eine junge Frau', 'ALTER': 'junge Frau', 'GESCHLECHT': 'Frau', 'HAARFARBE': 'rotbraunen', 'AUGEN': 'gr³n', 'TEINT': 'hell', 'HAAR_STRUKTUR': 'lockig', 'KOPF_ACCESSOIRE': 'kein Accessoire', 'SCHMUCK': None, 'KLEIDUNG': 'gemusterten Kleidung', 'KOPF_BEDECKUNG': 'beanie', 'OHRRINGE': 'kleine Ohrstecker', 'HALSKMUCK': None, 'BART': 'stubble', 'KOPF_SATZ': '', 'ZUBEHOER_SATZ': ''}

====================================================================================================
Cluster cluster_3
====================================================================================================
Bildname             Kategorie       Erwartet             Gefunden                  Status
----------------------------------------------------------------------------------------------------
Cluster3-1.jpg       GESCHLECHT      Frau                 Frau                      PASS
Cluster3-1.jpg       ALTER           õltere Frau          õltere Frau               PASS
Cluster3-1.jpg       HAARFARBE       grau-melierten       grau-melierten            PASS
Cluster3-1.jpg       HAAR_STRUKTUR   glatt                glatt                     PASS
Cluster3-1.jpg       AUGEN           braun                braun                     PASS
Cluster3-1.jpg       KLEIDUNG        einem Schal          einem Schal               PASS
Cluster3-1.jpg       SCHMUCK         None                 None                      PASS
Cluster3-2.jpg       GESCHLECHT      Frau                 Frau                      PASS
Cluster3-2.jpg       ALTER           erwachsene Frau      junge Frau                FAIL
Cluster3-2.jpg       HAARFARBE       rotbraunen           rotbraunen                PASS
Cluster3-2.jpg       HAAR_STRUKTUR   lockig               lockig                    PASS
Cluster3-2.jpg       AUGEN           braun                braun                     PASS
Cluster3-2.jpg       KLEIDUNG        einem Rollkrage...   einem Rollkragenpull...   PASS
Cluster3-2.jpg       OHRRINGE        gro▀e silberne ...   Ohrstecker                FAIL
Cluster3-3.jpg       GESCHLECHT      Frau                 Frau                      PASS
Cluster3-3.jpg       ALTER           erwachsene Frau      junge Frau                FAIL
Cluster3-3.jpg       HAARFARBE       rotbraunen           rotbraunen                PASS
Cluster3-3.jpg       HAAR_STRUKTUR   lockig               lockig                    PASS
Cluster3-3.jpg       AUGEN           gr³n                 gr³n                      PASS
Cluster3-3.jpg       KLEIDUNG        gemusterten Kle...   gemusterten Kleidung      PASS
Cluster3-3.jpg       HALSKMUCK       None                 None                      PASS
----------------------------------------------------------------------------------------------------
Cluster cluster_3: 18/21 Treffer (85.7%)
3 Tests fehlgeschlagen - Optimierung erforderlich
====================================================================================================
Teste Cluster cluster_4...
DEBUG VISION RESULT: 6 Keys gefunden
DEBUG FEATURE REPORT: 15 Kategorien
DEBUG VERF▄GBARE KATEGORIEN: ['GESCHLECHT', 'ALTER', 'HAARFARBE', 'HAAR_STRUKTUR', 'KLEIDUNG', 'AUDIO_HARDWARE', 'KOPF_BEDECKUNG', 'OHRRINGE', 'HALSKMUCK', 'ARMBAND', 'RING', 'BROSCH', 'KOPF_ACCESSOIRE', 'TEINT', 'AUGEN']
DEBUG FINALE FACTS: {'ALTER_GESCHLECHT_SATZ': 'eine junge Frau', 'ALTER': 'junge Frau', 'GESCHLECHT': 'Frau', 'HAARFARBE': 'schwarzen', 'AUGEN': 'braun', 'TEINT': 'dunkel', 'HAAR_STRUKTUR': 'glatt', 'KOPF_ACCESSOIRE': 'kein Accessoire', 'SCHMUCK': None, 'KLEIDUNG': 'gemusterten Kleidung', 'KOPF_BEDECKUNG': 'beanie', 'OHRRINGE': 'Ohrstecker', 'HALSKMUCK': 'goldene Halsketten', 'BART': None, 'KOPF_SATZ': '', 'ZUBEHOER_SATZ': ''}
DEBUG VISION RESULT: 6 Keys gefunden
DEBUG FEATURE REPORT: 15 Kategorien
DEBUG VERF▄GBARE KATEGORIEN: ['GESCHLECHT', 'ALTER', 'HAARFARBE', 'HAAR_STRUKTUR', 'KLEIDUNG', 'AUDIO_HARDWARE', 'KOPF_BEDECKUNG', 'OHRRINGE', 'HALSKMUCK', 'ARMBAND', 'RING', 'BROSCH', 'KOPF_ACCESSOIRE', 'TEINT', 'AUGEN']
DEBUG FINALE FACTS: {'ALTER_GESCHLECHT_SATZ': 'eine junge Frau', 'ALTER': 'junge Frau', 'GESCHLECHT': 'Frau', 'HAARFARBE': 'blonden', 'AUGEN': 'blau', 'TEINT': 'hell', 'HAAR_STRUKTUR': 'glatt', 'KOPF_ACCESSOIRE': 'kein Accessoire', 'SCHMUCK': None, 'KLEIDUNG': 'gemusterten Kleidung', 'KOPF_BEDECKUNG': 'beanie', 'OHRRINGE': 'Ohrstecker', 'HALSKMUCK': 'silbernen Anhõnger', 'BART': None, 'KOPF_SATZ': '', 'ZUBEHOER_SATZ': ''}
DEBUG VISION RESULT: 6 Keys gefunden
DEBUG FEATURE REPORT: 15 Kategorien
DEBUG VERF▄GBARE KATEGORIEN: ['GESCHLECHT', 'ALTER', 'HAARFARBE', 'HAAR_STRUKTUR', 'KLEIDUNG', 'AUDIO_HARDWARE', 'KOPF_BEDECKUNG', 'OHRRINGE', 'HALSKMUCK', 'ARMBAND', 'RING', 'BROSCH', 'KOPF_ACCESSOIRE', 'TEINT', 'AUGEN']
DEBUG FINALE FACTS: {'ALTER_GESCHLECHT_SATZ': 'eine junge Frau', 'ALTER': 'junge Frau', 'GESCHLECHT': 'Frau', 'HAARFARBE': 'dunkelbraunen', 'AUGEN': 'braun', 'TEINT': 'oliv', 'HAAR_STRUKTUR': 'wellig', 'KOPF_ACCESSOIRE': 'kein Accessoire', 'SCHMUCK': None, 'KLEIDUNG': 'gemusterten Kleidung', 'KOPF_BEDECKUNG': 'beanie', 'OHRRINGE': 'gro▀e Holzohrringe', 'HALSKMUCK': None, 'BART': None, 'KOPF_SATZ': '', 'ZUBEHOER_SATZ': ''}

====================================================================================================
Cluster cluster_4
====================================================================================================
Bildname             Kategorie       Erwartet             Gefunden                  Status
----------------------------------------------------------------------------------------------------
Cluster4-1.jpg       GESCHLECHT      Frau                 Frau                      PASS
Cluster4-1.jpg       ALTER           junge Frau           junge Frau                PASS
Cluster4-1.jpg       HAARFARBE       schwarzen            schwarzen                 PASS
Cluster4-1.jpg       HAAR_STRUKTUR   glatt                glatt                     PASS
Cluster4-1.jpg       AUGEN           braun                braun                     PASS
Cluster4-1.jpg       TEINT           dunkel               dunkel                    PASS
Cluster4-1.jpg       HALSKMUCK       goldene Halsketten   goldene Halsketten        PASS
Cluster4-1.jpg       OHRRINGE        Ohrstecker           Ohrstecker                PASS
Cluster4-2.jpg       GESCHLECHT      Frau                 Frau                      PASS
Cluster4-2.jpg       ALTER           junge Frau           junge Frau                PASS
Cluster4-2.jpg       HAARFARBE       blonden              blonden                   PASS
Cluster4-2.jpg       HAAR_STRUKTUR   glatt                glatt                     PASS
Cluster4-2.jpg       AUGEN           blau                 blau                      PASS
Cluster4-2.jpg       TEINT           hell                 hell                      PASS
Cluster4-2.jpg       HALSKMUCK       silbernen Anhõnger   silbernen Anhõnger        PASS
Cluster4-3.jpg       GESCHLECHT      Frau                 Frau                      PASS
Cluster4-3.jpg       ALTER           junge Frau           junge Frau                PASS
Cluster4-3.jpg       HAARFARBE       dunkelbraunen        dunkelbraunen             PASS
Cluster4-3.jpg       HAAR_STRUKTUR   wellig               wellig                    PASS
Cluster4-3.jpg       AUGEN           braun                braun                     PASS
Cluster4-3.jpg       TEINT           oliv                 oliv                      PASS
Cluster4-3.jpg       HALSKMUCK       None                 None                      PASS
Cluster4-3.jpg       OHRRINGE        gro▀e Holzohrringe   gro▀e Holzohrringe        PASS
----------------------------------------------------------------------------------------------------
Cluster cluster_4: 23/23 Treffer (100.0%)
====================================================================================================

========================================================================================================================
GESAMT-REPORT F▄R ALLE 4 CLUSTER
========================================================================================================================
GESAMT-SCORE: 59/66 Treffer (89.4%)
7 Tests fehlgeschlagen - Optimierung erforderlich
========================================================================================================================
